<html>
<body>
<pre>
<h1>µVision Build Log</h1>
<h2>Tool Versions:</h2>
IDE-Version: µVision V5.43.1.0
Copyright (C) 2025 ARM Ltd and ARM Germany GmbH. All rights reserved.
License Information: Félix Mielcarek, ESIEE Paris, LIC=----
 
Tool Versions:
Toolchain:       MDK-Lite  Version: 5.43.0.0
Toolchain Path:  C:\Users\felix\AppData\Local\Keil_v5\ARM\ARMCLANG\Bin
C Compiler:      ArmClang.exe V6.24
Assembler:       Armasm.exe V6.24
Linker/Locator:  ArmLink.exe V6.24
Library Manager: ArmAr.exe V6.24
Hex Converter:   FromElf.exe V6.24
CPU DLL:         SARMCM3.DLL V5.43.0.0
Dialog DLL:      DCM.DLL V1.17.5.0
Target DLL:      lmidk-agdi.dll V???
Dialog DLL:      TCM.DLL V1.56.6.0
 
<h2>Project:</h2>
C:\Users\felix\Desktop\dev\ing1-s1-architecture-project\room-area-calculation-project.uvprojx
Project File Date:  12/12/2025

<h2>Output:</h2>
*** Using Compiler 'V6.24', folder: 'C:\Users\felix\AppData\Local\Keil_v5\ARM\ARMCLANG\Bin'
Rebuild target 'Target_1'
assembling timer.s...
assembling main.s...
assembling switches.s...
assembling leds.s...
assembling oled-screen.s...
assembling buzzer.s...
assembling bumpers.s...
"Sources/engine.s", line 363: Warning: A1581W: Added 2 bytes of padding at address 0x19e
  363 000001a0   END
0 Errors, 1 Warning
assembling engine.s...
assembling Startup.s...
linking...
Program Size: Code=1184 RO-data=0 RW-data=0 ZI-data=256  
".\Objects\room-area-calculation-project.axf" - 0 Error(s), 0 Warning(s).

<h2>Software Packages used:</h2>

Package Vendor: ARM
                https://www.keil.com/pack/ARM.CMSIS.6.2.0.pack
                ARM::CMSIS@6.2.0
                CMSIS (Common Microcontroller Software Interface Standard)
   * Component: CORE Version: 6.1.1

Package Vendor: Keil
                https://www.keil.com/pack/Keil.LM3S_DFP.1.1.1.pack
                Keil::LM3S_DFP@1.1.1
                Texas Instruments LM3S Series Device Support
   * Component: Startup Version: 1.0.0

<h2>Collection of Component include folders:</h2>
  ./RTE/_Target_1
  C:/Users/felix/AppData/Local/Arm/Packs/ARM/CMSIS/6.2.0/CMSIS/Core/Include
  C:/Users/felix/AppData/Local/Arm/Packs/Keil/LM3S_DFP/1.1.1/Device/Include

<h2>Collection of Component Files used:</h2>

   * Component: ARM::CMSIS:CORE@6.1.1

   * Component: Keil::Device:Startup@1.0.0
      Source file:   Device/Source/ARM/Startup.s
Build Time Elapsed:  00:00:01
</pre>
</body>
</html>
