Component: Arm Compiler for Embedded 6.24 Tool: armlink [5f371500]

==============================================================================

Section Cross References

    main.o(.text) refers to engine.o(.text) for MOTEUR_INIT
    main.o(.text) refers to bumpers.o(.text) for BUMPERS_INIT
    main.o(.text) refers to switches.o(.text) for SWITCHES_INIT
    startup.o(RESET) refers to startup.o(STACK) for StackMem
    startup.o(RESET) refers to main.o(.text) for __main


==============================================================================

Removing Unused input sections from the image.

    Removing leds.o(.text), (0 bytes).
    Removing timer.o(.text), (0 bytes).
    Removing buzzer.o(.text), (0 bytes).
    Removing oled-screen.o(.text), (0 bytes).
    Removing startup.o(HEAP), (0 bytes).
    Removing startup.o(.text), (0 bytes).

6 unused section(s) (total 0 bytes) removed from the image.

==============================================================================

Image Symbol Table

    Local Symbols

    Symbol Name                              Value     Ov Type        Size  Object(Section)

    RTE/Device/LM3S1968/Startup.s            0x00000000   Number         0  startup.o ABSOLUTE
    Sources/bumpers.s                        0x00000000   Number         0  bumpers.o ABSOLUTE
    Sources/engine.s                         0x00000000   Number         0  engine.o ABSOLUTE
    Sources/main.s                           0x00000000   Number         0  main.o ABSOLUTE
    Sources/switches.s                       0x00000000   Number         0  switches.o ABSOLUTE
    RESET                                    0x00000000   Section      632  startup.o(RESET)
    NmiSR                                    0x00000271   Thumb Code     0  startup.o(RESET)
    FaultISR                                 0x00000273   Thumb Code     0  startup.o(RESET)
    IntDefaultHandler                        0x00000275   Thumb Code     0  startup.o(RESET)
    .text                                    0x00000278   Section       62  main.o(.text)
    .text                                    0x000002b8   Section      108  bumpers.o(.text)
    .text                                    0x00000324   Section      124  switches.o(.text)
    .text                                    0x000003a0   Section      600  engine.o(.text)
    StackMem                                 0x20000000   Data           0  startup.o(STACK)
    STACK                                    0x20000000   Section      256  startup.o(STACK)

    Global Symbols

    Symbol Name                              Value     Ov Type        Size  Object(Section)

    BuildAttributes$$THM_ISAv4$P$D$K$B$S$A:L22UL41UL21$X:L11$S22US41US21$IEEE1$IW$~IW$USESV6$~STKCKD$USESV7$~SHL$OSPACE$EBA8$MICROLIB$REQ8$EABIv2 0x00000000   Number         0  anon$$obj.o ABSOLUTE
    __Vectors                                0x00000000   Data           0  startup.o(RESET)
    Reset_Handler                            0x0000026d   Thumb Code     0  startup.o(RESET)
    __main                                   0x00000279   Thumb Code     0  main.o(.text)
    BUMPERS_INIT                             0x000002b9   Thumb Code     0  bumpers.o(.text)
    READ_BUMPER1                             0x000002e3   Thumb Code     0  bumpers.o(.text)
    READ_BUMPER2                             0x000002ef   Thumb Code     0  bumpers.o(.text)
    READ_BUMPERS                             0x000002fb   Thumb Code     0  bumpers.o(.text)
    SWITCHES_INIT                            0x00000325   Thumb Code     0  switches.o(.text)
    READ_SWITCH1                             0x00000355   Thumb Code     0  switches.o(.text)
    READ_SWITCH2                             0x0000035d   Thumb Code     0  switches.o(.text)
    WAIT_SWITCH_PRESS                        0x00000365   Thumb Code     0  switches.o(.text)
    GET_ROTATION_DIRECTION                   0x00000381   Thumb Code     0  switches.o(.text)
    MOTEUR_INIT                              0x000003a1   Thumb Code     0  engine.o(.text)
    MOTEUR_DROIT_ON                          0x000004a5   Thumb Code     0  engine.o(.text)
    MOTEUR_DROIT_OFF                         0x000004b1   Thumb Code     0  engine.o(.text)
    MOTEUR_GAUCHE_ON                         0x000004bd   Thumb Code     0  engine.o(.text)
    MOTEUR_GAUCHE_OFF                        0x000004c9   Thumb Code     0  engine.o(.text)
    MOTEUR_DROIT_ARRIERE                     0x000004d5   Thumb Code     0  engine.o(.text)
    MOTEUR_DROIT_AVANT                       0x000004df   Thumb Code     0  engine.o(.text)
    MOTEUR_GAUCHE_ARRIERE                    0x000004e9   Thumb Code     0  engine.o(.text)
    MOTEUR_GAUCHE_AVANT                      0x000004f3   Thumb Code     0  engine.o(.text)
    MOTEUR_DROIT_INVERSE                     0x000004fd   Thumb Code     0  engine.o(.text)
    MOTEUR_GAUCHE_INVERSE                    0x00000509   Thumb Code     0  engine.o(.text)
    ROTATION_90_GAUCHE                       0x0000053b   Thumb Code     0  engine.o(.text)
    ROTATION_90_DROITE                       0x0000055b   Thumb Code     0  engine.o(.text)
    __initial_sp                             0x20000100   Data           0  startup.o(STACK)



==============================================================================

Memory Map of the image

  Image Entry point : 0x0000026d

  Load Region LR_1 (Base: 0x00000000, Size: 0x000005f8, Max: 0xffffffff, ABSOLUTE)

    Execution Region ER_RO (Exec base: 0x00000000, Load base: 0x00000000, Size: 0x000005f8, Max: 0xffffffff, ABSOLUTE)

    Exec Addr    Load Addr    Size         Type   Attr      Idx    E Section Name        Object

    0x00000000   0x00000000   0x00000278   Code   RO           25  * RESET               startup.o
    0x00000278   0x00000278   0x0000003e   Code   RO            1  * .text               main.o
    0x000002b6   0x000002b6   0x00000002   PAD
    0x000002b8   0x000002b8   0x0000006c   Code   RO            6    .text               bumpers.o
    0x00000324   0x00000324   0x0000007c   Code   RO           11    .text               switches.o
    0x000003a0   0x000003a0   0x00000258   Code   RO           20  * .text               engine.o


    Execution Region ER_RW (Exec base: 0x20000000, Load base: 0x000005f8, Size: 0x00000000, Max: 0xffffffff, ABSOLUTE)

    **** No section assigned to this execution region ****


    Execution Region ER_ZI (Exec base: 0x20000000, Load base: 0x000005f8, Size: 0x00000100, Max: 0xffffffff, ABSOLUTE)

    Exec Addr    Load Addr    Size         Type   Attr      Idx    E Section Name        Object

    0x20000000        -       0x00000100   Zero   RW           23    STACK               startup.o


==============================================================================

Image component sizes


      Code (inc. data)   RO Data    RW Data    ZI Data      Debug   Object Name

       108         26          0          0          0        272   bumpers.o
       600        124          0          0          0        432   engine.o
        62          0          0          0          0        284   main.o
       632        622          0          0        256        268   startup.o
       124         26          0          0          0        284   switches.o

    ----------------------------------------------------------------------
      1528        798          0          0        256       1540   Object Totals
         0          0          0          0          0          0   (incl. Generated)
         2          0          0          0          0          0   (incl. Padding)

    ----------------------------------------------------------------------
         0          0          0          0          0          0   Library Totals
         0          0          0          0          0          0   (incl. Padding)

    ----------------------------------------------------------------------

==============================================================================


      Code (inc. data)   RO Data    RW Data    ZI Data      Debug   

      1528        798          0          0        256       1540   Grand Totals
      1528        798          0          0        256       1540   ELF Image Totals
      1528        798          0          0          0          0   ROM Totals

==============================================================================

    Total RO  Size (Code + RO Data)                 1528 (   1.49kB)
    Total RW  Size (RW Data + ZI Data)               256 (   0.25kB)
    Total ROM Size (Code + RO Data + RW Data)       1528 (   1.49kB)

==============================================================================

