Component: Arm Compiler for Embedded 6.24 Tool: armlink [5f371500]

==============================================================================

Section Cross References

    main.o(.text) refers to engine.o(.text) for MOTEUR_INIT
    main.o(.text) refers to bumpers.o(.text) for BUMPERS_INIT
    main.o(.text) refers to switches.o(.text) for SWITCHES_INIT
    main.o(.text) refers to leds.o(.text) for LEDS_INIT
    main.o(.text) refers to timer.o(.text) for CHRONO_START
    main.o(.text) refers to main.o(myData) for distances
    startup.o(RESET) refers to startup.o(STACK) for StackMem
    startup.o(RESET) refers to main.o(.text) for __main


==============================================================================

Removing Unused input sections from the image.

    Removing buzzer.o(.text), (0 bytes).
    Removing oled-screen.o(.text), (592 bytes).
    Removing oled-screen.o(myData), (36 bytes).
    Removing startup.o(HEAP), (0 bytes).
    Removing startup.o(.text), (0 bytes).

5 unused section(s) (total 628 bytes) removed from the image.

==============================================================================

Image Symbol Table

    Local Symbols

    Symbol Name                              Value     Ov Type        Size  Object(Section)

    RTE/Device/LM3S1968/Startup.s            0x00000000   Number         0  startup.o ABSOLUTE
    Sources/bumpers.s                        0x00000000   Number         0  bumpers.o ABSOLUTE
    Sources/engine.s                         0x00000000   Number         0  engine.o ABSOLUTE
    Sources/leds.s                           0x00000000   Number         0  leds.o ABSOLUTE
    Sources/main.s                           0x00000000   Number         0  main.o ABSOLUTE
    Sources/oled-screen.s                    0x00000000   Number         0  oled-screen.o ABSOLUTE
    Sources/switches.s                       0x00000000   Number         0  switches.o ABSOLUTE
    Sources/timer.s                          0x00000000   Number         0  timer.o ABSOLUTE
    RESET                                    0x00000000   Section      632  startup.o(RESET)
    NmiSR                                    0x00000271   Thumb Code     0  startup.o(RESET)
    FaultISR                                 0x00000273   Thumb Code     0  startup.o(RESET)
    IntDefaultHandler                        0x00000275   Thumb Code     0  startup.o(RESET)
    .text                                    0x00000278   Section      136  main.o(.text)
    .text                                    0x00000300   Section      108  bumpers.o(.text)
    .text                                    0x0000036c   Section      128  leds.o(.text)
    .text                                    0x000003ec   Section      116  switches.o(.text)
    .text                                    0x00000460   Section      108  timer.o(.text)
    .text                                    0x000004cc   Section      600  engine.o(.text)
    distances                                0x20000000   Data          16  main.o(myData)
    myData                                   0x20000000   Section       16  main.o(myData)
    StackMem                                 0x20000010   Data           0  startup.o(STACK)
    STACK                                    0x20000010   Section      256  startup.o(STACK)

    Global Symbols

    Symbol Name                              Value     Ov Type        Size  Object(Section)

    BuildAttributes$$THM_ISAv4$P$D$K$B$S$A:L22UL41UL21$X:L11$S22US41US21$IEEE1$IW$~IW$USESV6$~STKCKD$USESV7$~SHL$OSPACE$EBA8$MICROLIB$REQ8$EABIv2 0x00000000   Number         0  anon$$obj.o ABSOLUTE
    __Vectors                                0x00000000   Data           0  startup.o(RESET)
    Reset_Handler                            0x0000026d   Thumb Code     0  startup.o(RESET)
    __main                                   0x00000279   Thumb Code     0  main.o(.text)
    BUMPERS_INIT                             0x00000301   Thumb Code     0  bumpers.o(.text)
    READ_BUMPER1                             0x0000032d   Thumb Code     0  bumpers.o(.text)
    READ_BUMPER2                             0x00000339   Thumb Code     0  bumpers.o(.text)
    READ_BUMPERS                             0x00000345   Thumb Code     0  bumpers.o(.text)
    LEDS_INIT                                0x0000036d   Thumb Code     0  leds.o(.text)
    LED_GAUCHE_BLINK_N_TIMES                 0x0000039f   Thumb Code     0  leds.o(.text)
    SWITCHES_INIT                            0x000003ed   Thumb Code     0  switches.o(.text)
    READ_SWITCH1                             0x0000040d   Thumb Code     0  switches.o(.text)
    READ_SWITCH2                             0x00000415   Thumb Code     0  switches.o(.text)
    WAIT_SWITCH_PRESS                        0x0000041d   Thumb Code     0  switches.o(.text)
    GET_ROTATION_DIRECTION                   0x00000445   Thumb Code     0  switches.o(.text)
    CHRONO_START                             0x00000461   Thumb Code     0  timer.o(.text)
    CHRONO_STOP_DISTANCE                     0x00000483   Thumb Code     0  timer.o(.text)
    CHRONO_GET_CYCLES                        0x000004af   Thumb Code     0  timer.o(.text)
    MOTEUR_INIT                              0x000004cd   Thumb Code     0  engine.o(.text)
    MOTEUR_DROIT_ON                          0x000005d1   Thumb Code     0  engine.o(.text)
    MOTEUR_DROIT_OFF                         0x000005dd   Thumb Code     0  engine.o(.text)
    MOTEUR_GAUCHE_ON                         0x000005e9   Thumb Code     0  engine.o(.text)
    MOTEUR_GAUCHE_OFF                        0x000005f5   Thumb Code     0  engine.o(.text)
    MOTEUR_DROIT_ARRIERE                     0x00000601   Thumb Code     0  engine.o(.text)
    MOTEUR_DROIT_AVANT                       0x0000060b   Thumb Code     0  engine.o(.text)
    MOTEUR_GAUCHE_ARRIERE                    0x00000615   Thumb Code     0  engine.o(.text)
    MOTEUR_GAUCHE_AVANT                      0x0000061f   Thumb Code     0  engine.o(.text)
    MOTEUR_DROIT_INVERSE                     0x00000629   Thumb Code     0  engine.o(.text)
    MOTEUR_GAUCHE_INVERSE                    0x00000635   Thumb Code     0  engine.o(.text)
    ROTATION_90_GAUCHE                       0x00000667   Thumb Code     0  engine.o(.text)
    ROTATION_90_DROITE                       0x00000687   Thumb Code     0  engine.o(.text)
    __initial_sp                             0x20000110   Data           0  startup.o(STACK)



==============================================================================

Memory Map of the image

  Image Entry point : 0x0000026d

  Load Region LR_1 (Base: 0x00000000, Size: 0x00000734, Max: 0xffffffff, ABSOLUTE)

    Execution Region ER_RO (Exec base: 0x00000000, Load base: 0x00000000, Size: 0x00000724, Max: 0xffffffff, ABSOLUTE)

    Exec Addr    Load Addr    Size         Type   Attr      Idx    E Section Name        Object

    0x00000000   0x00000000   0x00000278   Code   RO           30  * RESET               startup.o
    0x00000278   0x00000278   0x00000088   Code   RO            1  * .text               main.o
    0x00000300   0x00000300   0x0000006c   Code   RO            7    .text               bumpers.o
    0x0000036c   0x0000036c   0x00000080   Code   RO           10    .text               leds.o
    0x000003ec   0x000003ec   0x00000074   Code   RO           13    .text               switches.o
    0x00000460   0x00000460   0x0000006c   Code   RO           16    .text               timer.o
    0x000004cc   0x000004cc   0x00000258   Code   RO           25  * .text               engine.o


    Execution Region ER_RW (Exec base: 0x20000000, Load base: 0x00000724, Size: 0x00000010, Max: 0xffffffff, ABSOLUTE)

    Exec Addr    Load Addr    Size         Type   Attr      Idx    E Section Name        Object

    0x20000000   0x00000724   0x00000010   Data   RW            2    myData              main.o


    Execution Region ER_ZI (Exec base: 0x20000010, Load base: 0x00000734, Size: 0x00000100, Max: 0xffffffff, ABSOLUTE)

    Exec Addr    Load Addr    Size         Type   Attr      Idx    E Section Name        Object

    0x20000010        -       0x00000100   Zero   RW           28    STACK               startup.o


==============================================================================

Image component sizes


      Code (inc. data)   RO Data    RW Data    ZI Data      Debug   Object Name

       108         28          0          0          0        272   bumpers.o
       600        124          0          0          0        432   engine.o
       128         28          0          0          0        272   leds.o
       136          6          0         16          0        312   main.o
       632        622          0          0        256        268   startup.o
       116         22          0          0          0        280   switches.o
       108         16          0          0          0        264   timer.o

    ----------------------------------------------------------------------
      1828        846          0         16        256       2100   Object Totals
         0          0          0          0          0          0   (incl. Generated)
         0          0          0          0          0          0   (incl. Padding)

    ----------------------------------------------------------------------
         0          0          0          0          0          0   Library Totals
         0          0          0          0          0          0   (incl. Padding)

    ----------------------------------------------------------------------

==============================================================================


      Code (inc. data)   RO Data    RW Data    ZI Data      Debug   

      1828        846          0         16        256       2100   Grand Totals
      1828        846          0         16        256       2100   ELF Image Totals
      1828        846          0         16          0          0   ROM Totals

==============================================================================

    Total RO  Size (Code + RO Data)                 1828 (   1.79kB)
    Total RW  Size (RW Data + ZI Data)               272 (   0.27kB)
    Total ROM Size (Code + RO Data + RW Data)       1844 (   1.80kB)

==============================================================================

