Component: Arm Compiler for Embedded 6.24 Tool: armlink [5f371500]

==============================================================================

Section Cross References

    main.o(.text) refers to engine.o(.text) for MOTEUR_INIT
    main.o(.text) refers to bumpers.o(.text) for BUMPERS_INIT
    main.o(.text) refers to switches.o(.text) for SWITCHES_INIT
    main.o(.text) refers to leds.o(.text) for LEDS_INIT
    main.o(.text) refers to timer.o(.text) for CHRONO_START
    main.o(.text) refers to main.o(myData) for distances
    timer.o(.text) refers to timer.o(myTimerData) for chrono_wraparounds
    engine.o(.text) refers to timer.o(.text) for DELAY_MILLISECONDS
    startup.o(RESET) refers to startup.o(STACK) for StackMem
    startup.o(RESET) refers to timer.o(.text) for SysTick_Handler
    startup.o(RESET) refers to main.o(.text) for __main


==============================================================================

Removing Unused input sections from the image.

    Removing startup.o(HEAP), (0 bytes).
    Removing startup.o(.text), (0 bytes).

2 unused section(s) (total 0 bytes) removed from the image.

==============================================================================

Image Symbol Table

    Local Symbols

    Symbol Name                              Value     Ov Type        Size  Object(Section)

    RTE/Device/LM3S1968/Startup.s            0x00000000   Number         0  startup.o ABSOLUTE
    Sources/bumpers.s                        0x00000000   Number         0  bumpers.o ABSOLUTE
    Sources/engine.s                         0x00000000   Number         0  engine.o ABSOLUTE
    Sources/leds.s                           0x00000000   Number         0  leds.o ABSOLUTE
    Sources/main.s                           0x00000000   Number         0  main.o ABSOLUTE
    Sources/switches.s                       0x00000000   Number         0  switches.o ABSOLUTE
    Sources/timer.s                          0x00000000   Number         0  timer.o ABSOLUTE
    RESET                                    0x00000000   Section      632  startup.o(RESET)
    NmiSR                                    0x00000271   Thumb Code     0  startup.o(RESET)
    FaultISR                                 0x00000273   Thumb Code     0  startup.o(RESET)
    IntDefaultHandler                        0x00000275   Thumb Code     0  startup.o(RESET)
    .text                                    0x00000278   Section      180  main.o(.text)
    .text                                    0x0000032c   Section      128  bumpers.o(.text)
    .text                                    0x000003ac   Section      132  leds.o(.text)
    .text                                    0x00000430   Section      120  switches.o(.text)
    .text                                    0x000004a8   Section      240  timer.o(.text)
    .text                                    0x00000598   Section      572  engine.o(.text)
    distances                                0x20000000   Data          16  main.o(myData)
    myData                                   0x20000000   Section       16  main.o(myData)
    chrono_start_val                         0x20000010   Data           4  timer.o(myTimerData)
    myTimerData                              0x20000010   Section        8  timer.o(myTimerData)
    chrono_wraparounds                       0x20000014   Data           4  timer.o(myTimerData)
    StackMem                                 0x20000018   Data           0  startup.o(STACK)
    STACK                                    0x20000018   Section      256  startup.o(STACK)

    Global Symbols

    Symbol Name                              Value     Ov Type        Size  Object(Section)

    BuildAttributes$$THM_ISAv4$P$D$K$B$S$A:L22UL41UL21$X:L11$S22US41US21$IEEE1$~IW$USESV6$~STKCKD$USESV7$~SHL$OSPACE$EBA8$MICROLIB$EABIv2 0x00000000   Number         0  anon$$obj.o ABSOLUTE
    __Vectors                                0x00000000   Data           0  startup.o(RESET)
    Reset_Handler                            0x0000026d   Thumb Code     0  startup.o(RESET)
    __main                                   0x00000279   Thumb Code     0  main.o(.text)
    BUMPERS_INIT                             0x0000032d   Thumb Code     0  bumpers.o(.text)
    READ_BUMPER1                             0x0000035f   Thumb Code     0  bumpers.o(.text)
    READ_BUMPER2                             0x00000371   Thumb Code     0  bumpers.o(.text)
    READ_BUMPERS                             0x00000383   Thumb Code     0  bumpers.o(.text)
    LEDS_INIT                                0x000003ad   Thumb Code     0  leds.o(.text)
    LED_GAUCHE_BLINK_N_TIMES                 0x000003e5   Thumb Code     0  leds.o(.text)
    SWITCHES_INIT                            0x00000431   Thumb Code     0  switches.o(.text)
    READ_SWITCH1                             0x00000459   Thumb Code     0  switches.o(.text)
    READ_SWITCH2                             0x00000463   Thumb Code     0  switches.o(.text)
    WAIT_SWITCH_PRESS                        0x0000046d   Thumb Code     0  switches.o(.text)
    GET_ROTATION_DIRECTION                   0x0000048d   Thumb Code     0  switches.o(.text)
    SysTick_Handler                          0x000004a9   Thumb Code     0  timer.o(.text)
    CHRONO_START                             0x000004b5   Thumb Code     0  timer.o(.text)
    CHRONO_STOP_DISTANCE                     0x0000052d   Thumb Code     0  timer.o(.text)
    DELAY_MILLISECONDS                       0x00000539   Thumb Code     0  timer.o(.text)
    MOTEUR_INIT                              0x00000599   Thumb Code     0  engine.o(.text)
    MOTEUR_DROIT_ON                          0x000006a5   Thumb Code     0  engine.o(.text)
    MOTEUR_DROIT_OFF                         0x000006b3   Thumb Code     0  engine.o(.text)
    MOTEUR_GAUCHE_ON                         0x000006c1   Thumb Code     0  engine.o(.text)
    MOTEUR_GAUCHE_OFF                        0x000006cf   Thumb Code     0  engine.o(.text)
    MOTEUR_DROIT_AVANT                       0x000006e9   Thumb Code     0  engine.o(.text)
    MOTEUR_GAUCHE_AVANT                      0x00000701   Thumb Code     0  engine.o(.text)
    ROTATION_90_GAUCHE                       0x00000721   Thumb Code     0  engine.o(.text)
    ROTATION_90_DROITE                       0x00000741   Thumb Code     0  engine.o(.text)
    __initial_sp                             0x20000118   Data           0  startup.o(STACK)



==============================================================================

Memory Map of the image

  Image Entry point : 0x0000026d

  Load Region LR_1 (Base: 0x00000000, Size: 0x000007ec, Max: 0xffffffff, ABSOLUTE)

    Execution Region ER_RO (Exec base: 0x00000000, Load base: 0x00000000, Size: 0x000007d4, Max: 0xffffffff, ABSOLUTE)

    Exec Addr    Load Addr    Size         Type   Attr      Idx    E Section Name        Object

    0x00000000   0x00000000   0x00000278   Code   RO           25  * RESET               startup.o
    0x00000278   0x00000278   0x000000b4   Code   RO            1  * .text               main.o
    0x0000032c   0x0000032c   0x00000080   Code   RO            7    .text               bumpers.o
    0x000003ac   0x000003ac   0x00000084   Code   RO           10    .text               leds.o
    0x00000430   0x00000430   0x00000078   Code   RO           13    .text               switches.o
    0x000004a8   0x000004a8   0x000000f0   Code   RO           16    .text               timer.o
    0x00000598   0x00000598   0x0000023c   Code   RO           20  * .text               engine.o


    Execution Region ER_RW (Exec base: 0x20000000, Load base: 0x000007d4, Size: 0x00000018, Max: 0xffffffff, ABSOLUTE)

    Exec Addr    Load Addr    Size         Type   Attr      Idx    E Section Name        Object

    0x20000000   0x000007d4   0x00000010   Data   RW            2    myData              main.o
    0x20000010   0x000007e4   0x00000008   Data   RW           17    myTimerData         timer.o


    Execution Region ER_ZI (Exec base: 0x20000018, Load base: 0x000007ec, Size: 0x00000100, Max: 0xffffffff, ABSOLUTE)

    Exec Addr    Load Addr    Size         Type   Attr      Idx    E Section Name        Object

    0x20000018        -       0x00000100   Zero   RW           23    STACK               startup.o


==============================================================================

Image component sizes


      Code (inc. data)   RO Data    RW Data    ZI Data      Debug   Object Name

       128         30          0          0          0        276   bumpers.o
       572        114          0          0          0        416   engine.o
       132         28          0          0          0        276   leds.o
       180          6          0         16          0        320   main.o
       632        622          0          0        256        268   startup.o
       120         20          0          0          0        288   switches.o
       240         26          0          8          0        320   timer.o

    ----------------------------------------------------------------------
      2004        846          0         24        256       2164   Object Totals
         0          0          0          0          0          0   (incl. Generated)
         0          0          0          0          0          0   (incl. Padding)

    ----------------------------------------------------------------------
         0          0          0          0          0          0   Library Totals
         0          0          0          0          0          0   (incl. Padding)

    ----------------------------------------------------------------------

==============================================================================


      Code (inc. data)   RO Data    RW Data    ZI Data      Debug   

      2004        846          0         24        256       2164   Grand Totals
      2004        846          0         24        256       2164   ELF Image Totals
      2004        846          0         24          0          0   ROM Totals

==============================================================================

    Total RO  Size (Code + RO Data)                 2004 (   1.96kB)
    Total RW  Size (RW Data + ZI Data)               280 (   0.27kB)
    Total ROM Size (Code + RO Data + RW Data)       2028 (   1.98kB)

==============================================================================

