Component: Arm Compiler for Embedded 6.24 Tool: armlink [5f371500]

==============================================================================

Section Cross References

    main.o(.text) refers (Special) to oled-screen.o(.text) for OLED_INIT
    main.o(.text) refers (Special) to oled-screen.o(myData) for ready_msg
    main.o(.text) refers to engine.o(.text) for MOTEUR_INIT
    main.o(.text) refers to bumpers.o(.text) for BUMPERS_INIT
    main.o(.text) refers to switches.o(.text) for SWITCHES_INIT
    startup.o(RESET) refers to startup.o(STACK) for StackMem
    startup.o(RESET) refers to main.o(.text) for __main


==============================================================================

Removing Unused input sections from the image.

    Removing leds.o(.text), (0 bytes).
    Removing timer.o(.text), (0 bytes).
    Removing buzzer.o(.text), (0 bytes).
    Removing startup.o(HEAP), (0 bytes).
    Removing startup.o(.text), (0 bytes).

5 unused section(s) (total 0 bytes) removed from the image.

==============================================================================

Image Symbol Table

    Local Symbols

    Symbol Name                              Value     Ov Type        Size  Object(Section)

    RTE/Device/LM3S1968/Startup.s            0x00000000   Number         0  startup.o ABSOLUTE
    Sources/bumpers.s                        0x00000000   Number         0  bumpers.o ABSOLUTE
    Sources/engine.s                         0x00000000   Number         0  engine.o ABSOLUTE
    Sources/main.s                           0x00000000   Number         0  main.o ABSOLUTE
    Sources/oled-screen.s                    0x00000000   Number         0  oled-screen.o ABSOLUTE
    Sources/switches.s                       0x00000000   Number         0  switches.o ABSOLUTE
    RESET                                    0x00000000   Section      632  startup.o(RESET)
    NmiSR                                    0x00000271   Thumb Code     0  startup.o(RESET)
    FaultISR                                 0x00000273   Thumb Code     0  startup.o(RESET)
    IntDefaultHandler                        0x00000275   Thumb Code     0  startup.o(RESET)
    .text                                    0x00000278   Section      196  main.o(.text)
    .text                                    0x0000033c   Section      108  bumpers.o(.text)
    .text                                    0x000003a8   Section      124  switches.o(.text)
    .text                                    0x00000424   Section      592  oled-screen.o(.text)
    .text                                    0x00000674   Section      600  engine.o(.text)
    myData                                   0x000008cc   Section       36  oled-screen.o(myData)
    StackMem                                 0x20000000   Data           0  startup.o(STACK)
    STACK                                    0x20000000   Section      256  startup.o(STACK)

    Global Symbols

    Symbol Name                              Value     Ov Type        Size  Object(Section)

    BuildAttributes$$THM_ISAv4$P$D$K$B$S$A:L22UL41UL21$X:L11$S22US41US21$IEEE1$IW$~IW$USESV6$~STKCKD$USESV7$~SHL$OSPACE$EBA8$MICROLIB$REQ8$EABIv2 0x00000000   Number         0  anon$$obj.o ABSOLUTE
    __Vectors                                0x00000000   Data           0  startup.o(RESET)
    Reset_Handler                            0x0000026d   Thumb Code     0  startup.o(RESET)
    __main                                   0x00000279   Thumb Code     0  main.o(.text)
    BUMPERS_INIT                             0x0000033d   Thumb Code     0  bumpers.o(.text)
    READ_BUMPER1                             0x00000367   Thumb Code     0  bumpers.o(.text)
    READ_BUMPER2                             0x00000373   Thumb Code     0  bumpers.o(.text)
    READ_BUMPERS                             0x0000037f   Thumb Code     0  bumpers.o(.text)
    SWITCHES_INIT                            0x000003a9   Thumb Code     0  switches.o(.text)
    READ_SWITCH1                             0x000003d9   Thumb Code     0  switches.o(.text)
    READ_SWITCH2                             0x000003e1   Thumb Code     0  switches.o(.text)
    WAIT_SWITCH_PRESS                        0x000003e9   Thumb Code     0  switches.o(.text)
    GET_ROTATION_DIRECTION                   0x00000405   Thumb Code     0  switches.o(.text)
    OLED_INIT                                0x00000425   Thumb Code     0  oled-screen.o(.text)
    OLED_CLEAR                               0x000005cf   Thumb Code     0  oled-screen.o(.text)
    OLED_TEST_FILL                           0x000005e7   Thumb Code     0  oled-screen.o(.text)
    OLED_SET_CURSOR                          0x000005ff   Thumb Code     0  oled-screen.o(.text)
    OLED_WRITE_STRING                        0x00000629   Thumb Code     0  oled-screen.o(.text)
    MOTEUR_INIT                              0x00000675   Thumb Code     0  engine.o(.text)
    MOTEUR_DROIT_ON                          0x00000779   Thumb Code     0  engine.o(.text)
    MOTEUR_DROIT_OFF                         0x00000785   Thumb Code     0  engine.o(.text)
    MOTEUR_GAUCHE_ON                         0x00000791   Thumb Code     0  engine.o(.text)
    MOTEUR_GAUCHE_OFF                        0x0000079d   Thumb Code     0  engine.o(.text)
    MOTEUR_DROIT_ARRIERE                     0x000007a9   Thumb Code     0  engine.o(.text)
    MOTEUR_DROIT_AVANT                       0x000007b3   Thumb Code     0  engine.o(.text)
    MOTEUR_GAUCHE_ARRIERE                    0x000007bd   Thumb Code     0  engine.o(.text)
    MOTEUR_GAUCHE_AVANT                      0x000007c7   Thumb Code     0  engine.o(.text)
    MOTEUR_DROIT_INVERSE                     0x000007d1   Thumb Code     0  engine.o(.text)
    MOTEUR_GAUCHE_INVERSE                    0x000007dd   Thumb Code     0  engine.o(.text)
    ROTATION_90_GAUCHE                       0x0000080f   Thumb Code     0  engine.o(.text)
    ROTATION_90_DROITE                       0x0000082f   Thumb Code     0  engine.o(.text)
    ready_msg                                0x000008d4   Data           7  oled-screen.o(myData)
    finish_msg                               0x000008db   Data          12  oled-screen.o(myData)
    done_msg                                 0x000008e7   Data           9  oled-screen.o(myData)
    __initial_sp                             0x20000100   Data           0  startup.o(STACK)



==============================================================================

Memory Map of the image

  Image Entry point : 0x0000026d

  Load Region LR_1 (Base: 0x00000000, Size: 0x000008f0, Max: 0xffffffff, ABSOLUTE)

    Execution Region ER_RO (Exec base: 0x00000000, Load base: 0x00000000, Size: 0x000008f0, Max: 0xffffffff, ABSOLUTE)

    Exec Addr    Load Addr    Size         Type   Attr      Idx    E Section Name        Object

    0x00000000   0x00000000   0x00000278   Code   RO           27  * RESET               startup.o
    0x00000278   0x00000278   0x000000c4   Code   RO            1  * .text               main.o
    0x0000033c   0x0000033c   0x0000006c   Code   RO            6    .text               bumpers.o
    0x000003a8   0x000003a8   0x0000007c   Code   RO           11    .text               switches.o
    0x00000424   0x00000424   0x00000250   Code   RO           18    .text               oled-screen.o
    0x00000674   0x00000674   0x00000258   Code   RO           22  * .text               engine.o
    0x000008cc   0x000008cc   0x00000024   Data   RO           19    myData              oled-screen.o


    Execution Region ER_RW (Exec base: 0x20000000, Load base: 0x000008f0, Size: 0x00000000, Max: 0xffffffff, ABSOLUTE)

    **** No section assigned to this execution region ****


    Execution Region ER_ZI (Exec base: 0x20000000, Load base: 0x000008f0, Size: 0x00000100, Max: 0xffffffff, ABSOLUTE)

    Exec Addr    Load Addr    Size         Type   Attr      Idx    E Section Name        Object

    0x20000000        -       0x00000100   Zero   RW           25    STACK               startup.o


==============================================================================

Image component sizes


      Code (inc. data)   RO Data    RW Data    ZI Data      Debug   Object Name

       108         26          0          0          0        272   bumpers.o
       600        124          0          0          0        432   engine.o
       196         24          0          0          0        336   main.o
       592         54         36          0          0        428   oled-screen.o
       632        622          0          0        256        268   startup.o
       124         26          0          0          0        284   switches.o

    ----------------------------------------------------------------------
      2252        876         36          0        256       2020   Object Totals
         0          0          0          0          0          0   (incl. Generated)
         0          0          0          0          0          0   (incl. Padding)

    ----------------------------------------------------------------------
         0          0          0          0          0          0   Library Totals
         0          0          0          0          0          0   (incl. Padding)

    ----------------------------------------------------------------------

==============================================================================


      Code (inc. data)   RO Data    RW Data    ZI Data      Debug   

      2252        876         36          0        256       2020   Grand Totals
      2252        876         36          0        256       2020   ELF Image Totals
      2252        876         36          0          0          0   ROM Totals

==============================================================================

    Total RO  Size (Code + RO Data)                 2288 (   2.23kB)
    Total RW  Size (RW Data + ZI Data)               256 (   0.25kB)
    Total ROM Size (Code + RO Data + RW Data)       2288 (   2.23kB)

==============================================================================

