Component: Arm Compiler for Embedded 6.24 Tool: armlink [5f371500]

==============================================================================

Section Cross References

    main.o(.text) refers (Special) to engine.o(.text) for MOTEUR_DROIT_OFF
    main.o(.text) refers to bumpers.o(.text) for BUMPERS_INIT
    startup.o(RESET) refers to startup.o(STACK) for StackMem
    startup.o(RESET) refers to main.o(.text) for __main


==============================================================================

Removing Unused input sections from the image.

    Removing leds.o(.text), (0 bytes).
    Removing switches.o(.text), (0 bytes).
    Removing timer.o(.text), (0 bytes).
    Removing buzzer.o(.text), (0 bytes).
    Removing oled-screen.o(.text), (0 bytes).
    Removing startup.o(HEAP), (0 bytes).
    Removing startup.o(.text), (0 bytes).

7 unused section(s) (total 0 bytes) removed from the image.

==============================================================================

Image Symbol Table

    Local Symbols

    Symbol Name                              Value     Ov Type        Size  Object(Section)

    RTE/Device/LM3S1968/Startup.s            0x00000000   Number         0  startup.o ABSOLUTE
    Sources/bumpers.s                        0x00000000   Number         0  bumpers.o ABSOLUTE
    Sources/engine.s                         0x00000000   Number         0  engine.o ABSOLUTE
    Sources/main.s                           0x00000000   Number         0  main.o ABSOLUTE
    RESET                                    0x00000000   Section      632  startup.o(RESET)
    NmiSR                                    0x00000271   Thumb Code     0  startup.o(RESET)
    FaultISR                                 0x00000273   Thumb Code     0  startup.o(RESET)
    IntDefaultHandler                        0x00000275   Thumb Code     0  startup.o(RESET)
    .text                                    0x00000278   Section       36  main.o(.text)
    .text                                    0x0000029c   Section      104  bumpers.o(.text)
    .text                                    0x00000304   Section      564  engine.o(.text)
    StackMem                                 0x20000000   Data           0  startup.o(STACK)
    STACK                                    0x20000000   Section      256  startup.o(STACK)

    Global Symbols

    Symbol Name                              Value     Ov Type        Size  Object(Section)

    BuildAttributes$$THM_ISAv4$P$D$K$B$S$A:L22UL41UL21$X:L11$S22US41US21$IEEE1$IW$~IW$USESV6$~STKCKD$USESV7$~SHL$OSPACE$EBA8$MICROLIB$REQ8$EABIv2 0x00000000   Number         0  anon$$obj.o ABSOLUTE
    __Vectors                                0x00000000   Data           0  startup.o(RESET)
    Reset_Handler                            0x0000026d   Thumb Code     0  startup.o(RESET)
    __main                                   0x00000279   Thumb Code     0  main.o(.text)
    BUMPERS_INIT                             0x0000029d   Thumb Code     0  bumpers.o(.text)
    READ_BUMPER1                             0x000002c5   Thumb Code     0  bumpers.o(.text)
    READ_BUMPER2                             0x000002d1   Thumb Code     0  bumpers.o(.text)
    READ_BUMPERS                             0x000002dd   Thumb Code     0  bumpers.o(.text)
    MOTEUR_INIT                              0x00000305   Thumb Code     0  engine.o(.text)
    MOTEUR_DROIT_ON                          0x00000409   Thumb Code     0  engine.o(.text)
    MOTEUR_DROIT_OFF                         0x00000415   Thumb Code     0  engine.o(.text)
    MOTEUR_GAUCHE_ON                         0x00000421   Thumb Code     0  engine.o(.text)
    MOTEUR_GAUCHE_OFF                        0x0000042d   Thumb Code     0  engine.o(.text)
    MOTEUR_DROIT_ARRIERE                     0x00000439   Thumb Code     0  engine.o(.text)
    MOTEUR_DROIT_AVANT                       0x00000443   Thumb Code     0  engine.o(.text)
    MOTEUR_GAUCHE_ARRIERE                    0x0000044d   Thumb Code     0  engine.o(.text)
    MOTEUR_GAUCHE_AVANT                      0x00000457   Thumb Code     0  engine.o(.text)
    MOTEUR_DROIT_INVERSE                     0x00000461   Thumb Code     0  engine.o(.text)
    MOTEUR_GAUCHE_INVERSE                    0x0000046d   Thumb Code     0  engine.o(.text)
    ROTATION_90_GAUCHE                       0x00000499   Thumb Code     0  engine.o(.text)
    __initial_sp                             0x20000100   Data           0  startup.o(STACK)



==============================================================================

Memory Map of the image

  Image Entry point : 0x0000026d

  Load Region LR_1 (Base: 0x00000000, Size: 0x00000538, Max: 0xffffffff, ABSOLUTE)

    Execution Region ER_RO (Exec base: 0x00000000, Load base: 0x00000000, Size: 0x00000538, Max: 0xffffffff, ABSOLUTE)

    Exec Addr    Load Addr    Size         Type   Attr      Idx    E Section Name        Object

    0x00000000   0x00000000   0x00000278   Code   RO           24  * RESET               startup.o
    0x00000278   0x00000278   0x00000024   Code   RO            1  * .text               main.o
    0x0000029c   0x0000029c   0x00000068   Code   RO            6    .text               bumpers.o
    0x00000304   0x00000304   0x00000234   Code   RO           19  * .text               engine.o


    Execution Region ER_RW (Exec base: 0x20000000, Load base: 0x00000538, Size: 0x00000000, Max: 0xffffffff, ABSOLUTE)

    **** No section assigned to this execution region ****


    Execution Region ER_ZI (Exec base: 0x20000000, Load base: 0x00000538, Size: 0x00000100, Max: 0xffffffff, ABSOLUTE)

    Exec Addr    Load Addr    Size         Type   Attr      Idx    E Section Name        Object

    0x20000000        -       0x00000100   Zero   RW           22    STACK               startup.o


==============================================================================

Image component sizes


      Code (inc. data)   RO Data    RW Data    ZI Data      Debug   Object Name

       104         24          0          0          0        264   bumpers.o
       564        126          0          0          0        416   engine.o
        36          0          0          0          0        268   main.o
       632        622          0          0        256        268   startup.o

    ----------------------------------------------------------------------
      1336        772          0          0        256       1216   Object Totals
         0          0          0          0          0          0   (incl. Generated)
         0          0          0          0          0          0   (incl. Padding)

    ----------------------------------------------------------------------
         0          0          0          0          0          0   Library Totals
         0          0          0          0          0          0   (incl. Padding)

    ----------------------------------------------------------------------

==============================================================================


      Code (inc. data)   RO Data    RW Data    ZI Data      Debug   

      1336        772          0          0        256       1216   Grand Totals
      1336        772          0          0        256       1216   ELF Image Totals
      1336        772          0          0          0          0   ROM Totals

==============================================================================

    Total RO  Size (Code + RO Data)                 1336 (   1.30kB)
    Total RW  Size (RW Data + ZI Data)               256 (   0.25kB)
    Total ROM Size (Code + RO Data + RW Data)       1336 (   1.30kB)

==============================================================================

